// Jest Snapshot v1, https://goo.gl/fbAQLP

exports[`ItemRadioGroup Should map its children and render them with specific props 1`] = `
.c1 {
  margin: 0;
  font-weight: 400;
}

.c1.kirk-text-button {
  color: #054752;
  font-size: 16px;
  line-height: 20px;
}

.c1.kirk-text-body,
.c1.kirk-text-bodyStrong {
  color: #708C91;
  font-size: 16px;
  line-height: 20px;
}

.c1.kirk-text-caption {
  color: #708C91;
  font-size: 13px;
  line-height: 16px;
}

.c1.kirk-text-title,
.c1.kirk-text-titleStrong {
  color: #054752;
  font-size: 18px;
  line-height: 20px;
}

.c1.kirk-text-display1 {
  color: #054752;
  font-size: 82px;
  line-height: 82px;
}

.c1.kirk-text-display2 {
  color: #054752;
  font-size: 30px;
  line-height: 1.06;
}

.c1.kirk-text-subheader,
.c1.kirk-text-subheaderStrong {
  color: #054752;
  font-size: 22px;
  line-height: 24px;
}

.c1.kirk-text-title,
.c1.kirk-text-titleStrong {
  color: #054752;
  font-size: 18px;
  line-height: 20px;
}

.c1.kirk-text-bodyStrong,
.c1.kirk-text-subheaderStrong,
.c1.kirk-text-titleStrong {
  font-weight: 500;
}

.c3 {
  display: inline-block;
  position: relative;
}

.c3 .kirk-icon-badge {
  position: absolute;
  bottom: 12px;
  left: 12px;
}

.c0 {
  position: relative;
  display: -webkit-box;
  display: -webkit-flex;
  display: -ms-flexbox;
  display: flex;
  padding: 0;
  padding-top: 16px;
  padding-bottom: 16px;
  -webkit-align-items: center;
  -webkit-box-align: center;
  -ms-flex-align: center;
  align-items: center;
  -webkit-flex: 1;
  -ms-flex: 1;
  flex: 1;
  border: 0;
  background: none;
}

.c0.kirk-item--clickable:hover {
  background: #EDEDED;
}

a.c0 {
  background: none;
  -webkit-text-decoration: none;
  text-decoration: none;
  -webkit-user-select: none;
  -moz-user-select: none;
  -ms-user-select: none;
  user-select: none;
  -webkit-tap-highlight-color: rgba(221,221,221,.4);
  -webkit-touch-callout: none;
}

button.c0 {
  cursor: pointer;
  text-align: left;
  width: 100%;
  font-family: inherit;
  outline: none;
  background-color: transparent;
  -webkit-tap-highlight-color: rgba(221,221,221,.4);
  -webkit-touch-callout: none;
}

.c0:disabled {
  cursor: default;
}

.c0 .kirk-item-leftText {
  -webkit-flex: 1;
  -ms-flex: 1;
  flex: 1;
}

.c0 .kirk-item-rightText {
  margin-left: 16px;
  text-align: right;
}

.c0 .kirk-item-title--withBody {
  margin-bottom: 4px;
}

.c0 .kirk-item-leftAddon,
.c0 .kirk-item-rightAddon {
  display: -webkit-inline-box;
  display: -webkit-inline-flex;
  display: -ms-inline-flexbox;
  display: inline-flex;
  min-width: 24px;
  -webkit-align-items: center;
  -webkit-box-align: center;
  -ms-flex-align: center;
  align-items: center;
}

.c0 .kirk-item-leftAddon {
  margin-right: 16px;
}

.c0 .kirk-item-rightAddon {
  margin-left: 16px;
}

.c0.kirk-item--highlighted .kirk-text-title {
  color: #00AFF5;
}

.c2.spinning {
  -webkit-animation: rotator 1.4s linear infinite;
  animation: rotator 1.4s linear infinite;
}

.c2 circle {
  stroke-width: 6;
  stroke-linecap: round;
}

.c2.spinning circle {
  stroke-dasharray: 187;
  stroke-dashoffset: 0;
  -webkit-transform-origin: center;
  -ms-transform-origin: center;
  transform-origin: center;
  -webkit-animation: dash 1.4s ease-in-out infinite;
  animation: dash 1.4s ease-in-out infinite;
}

.c2.thin circle {
  stroke-width: 3;
}

.c2.absolute {
  position: absolute;
}

.c2 circle.inner {
  stroke-width: 0;
}

<ul
  className="jsx-1825249063 kirk-items-list"
  role="radiogroup"
>
  <li
    className="jsx-1825249063 kirk-items-list-item"
  >
    <label
      className="kirk-item kirk-item--clickable kirk-item-radio c0"
    >
      <div
        className="kirk-item-leftText"
      >
        <div
          className="kirk-text kirk-text-body kirk-item-body c1"
        >
          1
        </div>
      </div>
      <div
        className="kirk-item-rightAddon"
      >
        <input
          checked={false}
          disabled={false}
          name="name"
          onChange={[Function]}
          type="radio"
          value={1}
        />
        <svg
          aria-hidden={true}
          className="kirk-icon kirk-icon-circle c2 c3"
          fill="#00AFF5"
          height={24}
          viewBox="0 0 66 66"
          width={24}
          xmlns="http://www.w3.org/2000/svg"
        >
          
          <circle
            cx="33"
            cy="33"
            fill="none"
            r="30"
            stroke="#00AFF5"
          />
        </svg>
      </div>
    </label>
  </li>
  <li
    className="jsx-1825249063 kirk-items-list-item"
  >
    <label
      className="kirk-item kirk-item--clickable kirk-item-radio c0"
    >
      <div
        className="kirk-item-leftText"
      >
        <div
          className="kirk-text kirk-text-body kirk-item-body c1"
        >
          2
        </div>
      </div>
      <div
        className="kirk-item-rightAddon"
      >
        <input
          checked={true}
          disabled={false}
          name="name"
          onChange={[Function]}
          type="radio"
          value={2}
        />
        <svg
          aria-hidden={true}
          className="kirk-icon kirk-icon-circle c2 c3"
          fill="#00AFF5"
          height={24}
          viewBox="0 0 66 66"
          width={24}
          xmlns="http://www.w3.org/2000/svg"
        >
          
          <circle
            cx="33"
            cy="33"
            fill="none"
            r="30"
            stroke="#00AFF5"
          />
          <circle
            className="inner"
            cx="33"
            cy="33"
            fill="#00AFF5"
            r="18"
          />
        </svg>
      </div>
    </label>
  </li>
  <li
    className="jsx-1825249063 kirk-items-list-item"
  >
    <label
      className="kirk-item kirk-item--clickable kirk-item-radio c0"
    >
      <div
        className="kirk-item-leftText"
      >
        <div
          className="kirk-text kirk-text-body kirk-item-body c1"
        >
          3
        </div>
      </div>
      <div
        className="kirk-item-rightAddon"
      >
        <input
          checked={false}
          disabled={false}
          name="name"
          onChange={[Function]}
          type="radio"
          value={3}
        />
        <svg
          aria-hidden={true}
          className="kirk-icon kirk-icon-circle c2 c3"
          fill="#00AFF5"
          height={24}
          viewBox="0 0 66 66"
          width={24}
          xmlns="http://www.w3.org/2000/svg"
        >
          
          <circle
            cx="33"
            cy="33"
            fill="none"
            r="30"
            stroke="#00AFF5"
          />
        </svg>
      </div>
    </label>
  </li>
</ul>
`;
