// Jest Snapshot v1, https://goo.gl/fbAQLP

exports[`Item Should not have changed 1`] = `
.c0 {
  margin: 0;
  font-weight: 400;
}

.c0.kirk-text-button {
  color: #054752;
  font-size: 16px;
  line-height: 20px;
}

.c0.kirk-text-body,
.c0.kirk-text-bodyStrong {
  color: #708C91;
  font-size: 16px;
  line-height: 20px;
}

.c0.kirk-text-caption {
  color: #708C91;
  font-size: 13px;
  line-height: 16px;
}

.c0.kirk-text-title,
.c0.kirk-text-titleStrong {
  color: #054752;
  font-size: 18px;
  line-height: 20px;
}

.c0.kirk-text-display1 {
  color: #054752;
  font-size: 82px;
  line-height: 82px;
}

.c0.kirk-text-display2 {
  color: #054752;
  font-size: 30px;
  line-height: 1.06;
}

.c0.kirk-text-subheader,
.c0.kirk-text-subheaderStrong {
  color: #054752;
  font-size: 22px;
  line-height: 24px;
}

.c0.kirk-text-title,
.c0.kirk-text-titleStrong {
  color: #054752;
  font-size: 18px;
  line-height: 20px;
}

.c0.kirk-text-bodyStrong,
.c0.kirk-text-subheaderStrong,
.c0.kirk-text-titleStrong {
  font-weight: 500;
}

<div
  className="jsx-1542968643 kirk-item custom"
>
  <div
    className="jsx-1542968643 kirk-item-leftText"
  >
    <div
      className="kirk-text kirk-text-title kirk-item-title c0"
    >
      Test
    </div>
    <div
      className="kirk-text kirk-text-body kirk-item-body c0"
    >
      Test
    </div>
  </div>
  <div
    className="jsx-1542968643 kirk-item-rightAddon"
  >
    <svg
      aria-hidden={true}
      className="kirk-icon"
      fill="#708C91"
      height={24}
      viewBox="0 0 24 24"
      width={24}
      xmlns="http://www.w3.org/2000/svg"
    >
      
      <g
        fill="none"
        fillRule="evenodd"
      >
        <path
          d="M0 0h24v24H0z"
        />
        <g
          stroke="#708C91"
          strokeLinecap="round"
          strokeLinejoin="round"
        >
          <circle
            cx="12"
            cy="12"
            r="9.565"
          />
          <path
            d="M12 6.783V12h5.217"
          />
        </g>
      </g>
    </svg>
  </div>
  <style />
</div>
`;
