// Jest Snapshot v1, https://goo.gl/fbAQLP

exports[`ItemChoice Should display a Loader when the component is in loading status 1`] = `
.c1 {
  margin: 0;
  font-weight: 400;
}

.c1.kirk-text-button {
  color: #054752;
  font-size: 16px;
  line-height: 20px;
}

.c1.kirk-text-body,
.c1.kirk-text-bodyStrong {
  color: #708C91;
  font-size: 16px;
  line-height: 20px;
}

.c1.kirk-text-caption {
  color: #708C91;
  font-size: 13px;
  line-height: 16px;
}

.c1.kirk-text-title,
.c1.kirk-text-titleStrong {
  color: #054752;
  font-size: 18px;
  line-height: 20px;
}

.c1.kirk-text-display1 {
  color: #054752;
  font-size: 82px;
  line-height: 82px;
}

.c1.kirk-text-display2 {
  color: #054752;
  font-size: 30px;
  line-height: 1.06;
}

.c1.kirk-text-subheader,
.c1.kirk-text-subheaderStrong {
  color: #054752;
  font-size: 22px;
  line-height: 24px;
}

.c1.kirk-text-title,
.c1.kirk-text-titleStrong {
  color: #054752;
  font-size: 18px;
  line-height: 20px;
}

.c1.kirk-text-bodyStrong,
.c1.kirk-text-subheaderStrong,
.c1.kirk-text-titleStrong {
  font-weight: 500;
}

.c0 {
  display: inline-block;
  position: relative;
}

.c0 .kirk-icon-badge {
  position: absolute;
  bottom: 12px;
  left: 12px;
}

.c2 {
  display: -webkit-box;
  display: -webkit-flex;
  display: -ms-flexbox;
  display: flex;
  -webkit-align-items: center;
  -webkit-box-align: center;
  -ms-flex-align: center;
  align-items: center;
  -webkit-box-pack: center;
  -webkit-justify-content: center;
  -ms-flex-pack: center;
  justify-content: center;
}

.c2.kirk-loader--fullScreen {
  position: fixed;
  top: 0;
  left: 0;
  background-color: rgba(255,255,255,0.85);
  height: 100vh;
  width: 100vw;
  z-index: 4;
}

.c2.kirk-loader--done {
  background-color: #5DD167;
  color: #FFF;
  border-radius: 50%;
}

<a
  className="kirk-item kirk-item--clickable kirk-item-choice custom-class-name sc-bdVaJa gRXcCx"
  disabled={false}
  href="#"
  onClick={[Function]}
  type="button"
>
  <div
    className="kirk-item-leftAddon"
  >
    <svg
      aria-hidden={true}
      className="kirk-icon c0"
      fill="#708C91"
      height={24}
      viewBox="0 0 24 24"
      width={24}
      xmlns="http://www.w3.org/2000/svg"
    >
      
      <g
        fill="none"
        stroke="#708C91"
        strokeLinecap="round"
        strokeLinejoin="round"
        strokeMiterlimit="10"
        strokeWidth="1"
      >
        <path
          d="M9.22618069 9.0429408l-.00028462-.00007396C7.82743395 8.67899715 6.7546224 8.5 5.57615516 8.5c-1.20731888 0-2.51302356.20463937-3.81321944.5429408-.74874646.19434829-1.26113536.83740338-1.26113536 1.5649162 0 .8614291 0 .8614291-.00005576 1.3996098-.04579034 3.0659186.80767638 5.4432745 2.56126466 7.1880948 1.77599725 1.7671173 3.62950633 2.8975921 5.56078302 3.4005323.45618092.1187979 1.04453239.2272721 1.76281212.3242675.054739.0073909.1051053-.0309924.1124962-.0857314A.1000144.1000144 0 0 0 10.5 22.8212476l9e-7-12.2143318c.0013584-.72163072-.51999668-1.36830888-1.27382021-1.563975z"
        />
        <path
          d="M22.2261807 9.0429408l-.0002846-.00007396C20.827434 8.67899715 19.7546224 8.5 18.5761552 8.5c-1.2073189 0-2.5130236.20463937-3.8132195.5429408-.7487464.19434829-1.2611353.83740338-1.2611353 1.5649162 0 .8614291 0 .8614291-.0000558 1.3996098-.0457903 3.0659186.8076764 5.4432745 2.5612647 7.1880948 1.7759972 1.7671173 3.6295063 2.8975921 5.560783 3.4005323.4561809.1187979 1.0445324.2272721 1.7628121.3242675.054739.0073909.1051053-.0309924.1124962-.0857314A.1000144.1000144 0 0 0 23.5 22.8212476l9e-7-12.2143318c.0013584-.72163072-.5199967-1.36830888-1.2738202-1.563975z"
          transform="matrix(-1 0 0 1 37.000004 0)"
        />
        <path
          d="M5.56759528 6.313482c-1.39916306 0-2.53379764-1.08153511-2.53379764-2.41521909v-.48304382C3.03379764 2.08153511 4.16843222 1 5.56759528 1c1.39916305 0 2.53379764 1.08153511 2.53379764 2.41521909v.48304382c0 1.33368398-1.13463459 2.41521909-2.53379764 2.41521909zM18.5337976 6.313482C17.1346346 6.313482 16 5.23194689 16 3.89826291v-.48304382C16 2.08153511 17.1346346 1 18.5337976 1c1.3991631 0 2.5337977 1.08153511 2.5337977 2.41521909v.48304382c0 1.33368398-1.1346346 2.41521909-2.5337977 2.41521909z"
        />
      </g>
    </svg>
  </div>
  <div
    className="kirk-item-leftText"
  >
    <div
      className="kirk-text kirk-text-title kirk-item-title c1"
      style={
        Object {
          "color": "#054752",
        }
      }
    >
      Title
    </div>
    <div
      className="kirk-text kirk-text-body kirk-item-body c1"
      style={
        Object {
          "color": "#708C91",
        }
      }
    >
      Title infos
    </div>
  </div>
  <div
    className="kirk-item-rightText"
  >
    <div
      className="kirk-text kirk-text-subheaderStrong kirk-item-title c1"
      style={
        Object {
          "color": "#054752",
        }
      }
    >
      Data
    </div>
    <div
      className="kirk-text kirk-text-body kirk-item-body c1"
      style={
        Object {
          "color": "#708C91",
        }
      }
    >
      Data infos
    </div>
  </div>
  <div
    className="kirk-item-rightAddon"
  >
    <div
      className="kirk-loader c2"
      style={
        Object {
          "height": "24px",
          "width": "24px",
        }
      }
    >
      <svg
        aria-hidden={true}
        className="kirk-icon kirk-icon-circle spinning c0"
        fill="#5DD167"
        height={24}
        viewBox="0 0 66 66"
        width={24}
        xmlns="http://www.w3.org/2000/svg"
      >
        
        <circle
          className="jsx-2931153156"
          cx="33"
          cy="33"
          fill="none"
          r="30"
          stroke="#5DD167"
        />
      </svg>
    </div>
  </div>
</a>
`;

exports[`ItemChoice Should display a done Loader when the component is in checked status 1`] = `
.c1 {
  margin: 0;
  font-weight: 400;
}

.c1.kirk-text-button {
  color: #054752;
  font-size: 16px;
  line-height: 20px;
}

.c1.kirk-text-body,
.c1.kirk-text-bodyStrong {
  color: #708C91;
  font-size: 16px;
  line-height: 20px;
}

.c1.kirk-text-caption {
  color: #708C91;
  font-size: 13px;
  line-height: 16px;
}

.c1.kirk-text-title,
.c1.kirk-text-titleStrong {
  color: #054752;
  font-size: 18px;
  line-height: 20px;
}

.c1.kirk-text-display1 {
  color: #054752;
  font-size: 82px;
  line-height: 82px;
}

.c1.kirk-text-display2 {
  color: #054752;
  font-size: 30px;
  line-height: 1.06;
}

.c1.kirk-text-subheader,
.c1.kirk-text-subheaderStrong {
  color: #054752;
  font-size: 22px;
  line-height: 24px;
}

.c1.kirk-text-title,
.c1.kirk-text-titleStrong {
  color: #054752;
  font-size: 18px;
  line-height: 20px;
}

.c1.kirk-text-bodyStrong,
.c1.kirk-text-subheaderStrong,
.c1.kirk-text-titleStrong {
  font-weight: 500;
}

.c0 {
  display: inline-block;
  position: relative;
}

.c0 .kirk-icon-badge {
  position: absolute;
  bottom: 12px;
  left: 12px;
}

.c2 {
  display: -webkit-box;
  display: -webkit-flex;
  display: -ms-flexbox;
  display: flex;
  -webkit-align-items: center;
  -webkit-box-align: center;
  -ms-flex-align: center;
  align-items: center;
  -webkit-box-pack: center;
  -webkit-justify-content: center;
  -ms-flex-pack: center;
  justify-content: center;
}

.c2.kirk-loader--fullScreen {
  position: fixed;
  top: 0;
  left: 0;
  background-color: rgba(255,255,255,0.85);
  height: 100vh;
  width: 100vw;
  z-index: 4;
}

.c2.kirk-loader--done {
  background-color: #5DD167;
  color: #FFF;
  border-radius: 50%;
}

<a
  className="kirk-item kirk-item--clickable kirk-item-choice custom-class-name sc-bdVaJa gRXcCx"
  disabled={false}
  href="#"
  onClick={[Function]}
  type="button"
>
  <div
    className="kirk-item-leftAddon"
  >
    <svg
      aria-hidden={true}
      className="kirk-icon c0"
      fill="#708C91"
      height={24}
      viewBox="0 0 24 24"
      width={24}
      xmlns="http://www.w3.org/2000/svg"
    >
      
      <g
        fill="none"
        stroke="#708C91"
        strokeLinecap="round"
        strokeLinejoin="round"
        strokeMiterlimit="10"
        strokeWidth="1"
      >
        <path
          d="M9.22618069 9.0429408l-.00028462-.00007396C7.82743395 8.67899715 6.7546224 8.5 5.57615516 8.5c-1.20731888 0-2.51302356.20463937-3.81321944.5429408-.74874646.19434829-1.26113536.83740338-1.26113536 1.5649162 0 .8614291 0 .8614291-.00005576 1.3996098-.04579034 3.0659186.80767638 5.4432745 2.56126466 7.1880948 1.77599725 1.7671173 3.62950633 2.8975921 5.56078302 3.4005323.45618092.1187979 1.04453239.2272721 1.76281212.3242675.054739.0073909.1051053-.0309924.1124962-.0857314A.1000144.1000144 0 0 0 10.5 22.8212476l9e-7-12.2143318c.0013584-.72163072-.51999668-1.36830888-1.27382021-1.563975z"
        />
        <path
          d="M22.2261807 9.0429408l-.0002846-.00007396C20.827434 8.67899715 19.7546224 8.5 18.5761552 8.5c-1.2073189 0-2.5130236.20463937-3.8132195.5429408-.7487464.19434829-1.2611353.83740338-1.2611353 1.5649162 0 .8614291 0 .8614291-.0000558 1.3996098-.0457903 3.0659186.8076764 5.4432745 2.5612647 7.1880948 1.7759972 1.7671173 3.6295063 2.8975921 5.560783 3.4005323.4561809.1187979 1.0445324.2272721 1.7628121.3242675.054739.0073909.1051053-.0309924.1124962-.0857314A.1000144.1000144 0 0 0 23.5 22.8212476l9e-7-12.2143318c.0013584-.72163072-.5199967-1.36830888-1.2738202-1.563975z"
          transform="matrix(-1 0 0 1 37.000004 0)"
        />
        <path
          d="M5.56759528 6.313482c-1.39916306 0-2.53379764-1.08153511-2.53379764-2.41521909v-.48304382C3.03379764 2.08153511 4.16843222 1 5.56759528 1c1.39916305 0 2.53379764 1.08153511 2.53379764 2.41521909v.48304382c0 1.33368398-1.13463459 2.41521909-2.53379764 2.41521909zM18.5337976 6.313482C17.1346346 6.313482 16 5.23194689 16 3.89826291v-.48304382C16 2.08153511 17.1346346 1 18.5337976 1c1.3991631 0 2.5337977 1.08153511 2.5337977 2.41521909v.48304382c0 1.33368398-1.1346346 2.41521909-2.5337977 2.41521909z"
        />
      </g>
    </svg>
  </div>
  <div
    className="kirk-item-leftText"
  >
    <div
      className="kirk-text kirk-text-title kirk-item-title c1"
      style={
        Object {
          "color": "#054752",
        }
      }
    >
      Title
    </div>
    <div
      className="kirk-text kirk-text-body kirk-item-body c1"
      style={
        Object {
          "color": "#708C91",
        }
      }
    >
      Title infos
    </div>
  </div>
  <div
    className="kirk-item-rightText"
  >
    <div
      className="kirk-text kirk-text-subheaderStrong kirk-item-title c1"
      style={
        Object {
          "color": "#054752",
        }
      }
    >
      Data
    </div>
    <div
      className="kirk-text kirk-text-body kirk-item-body c1"
      style={
        Object {
          "color": "#708C91",
        }
      }
    >
      Data infos
    </div>
  </div>
  <div
    className="kirk-item-rightAddon"
  >
    <div
      className="kirk-loader kirk-loader--done c2"
      style={
        Object {
          "height": "24px",
          "width": "24px",
        }
      }
    >
      <svg
        aria-hidden={true}
        className="kirk-icon kirk-icon-check validate c0"
        fill="#FFF"
        height={12}
        viewBox="0 0 24 24"
        width={12}
        xmlns="http://www.w3.org/2000/svg"
      >
        
        <path
          className="jsx-2416231148 jsx-2189919872"
          d="M6.5 12.5l4 4 8-8"
          fill="none"
          stroke="#FFF"
          strokeLinecap="round"
          strokeLinejoin="round"
          strokeMiterlimit="10"
          strokeWidth="2"
        />
      </svg>
    </div>
  </div>
</a>
`;

exports[`ItemChoice Should forward its props to the Item component 1`] = `
.c1 {
  margin: 0;
  font-weight: 400;
}

.c1.kirk-text-button {
  color: #054752;
  font-size: 16px;
  line-height: 20px;
}

.c1.kirk-text-body,
.c1.kirk-text-bodyStrong {
  color: #708C91;
  font-size: 16px;
  line-height: 20px;
}

.c1.kirk-text-caption {
  color: #708C91;
  font-size: 13px;
  line-height: 16px;
}

.c1.kirk-text-title,
.c1.kirk-text-titleStrong {
  color: #054752;
  font-size: 18px;
  line-height: 20px;
}

.c1.kirk-text-display1 {
  color: #054752;
  font-size: 82px;
  line-height: 82px;
}

.c1.kirk-text-display2 {
  color: #054752;
  font-size: 30px;
  line-height: 1.06;
}

.c1.kirk-text-subheader,
.c1.kirk-text-subheaderStrong {
  color: #054752;
  font-size: 22px;
  line-height: 24px;
}

.c1.kirk-text-title,
.c1.kirk-text-titleStrong {
  color: #054752;
  font-size: 18px;
  line-height: 20px;
}

.c1.kirk-text-bodyStrong,
.c1.kirk-text-subheaderStrong,
.c1.kirk-text-titleStrong {
  font-weight: 500;
}

.c0 {
  display: inline-block;
  position: relative;
}

.c0 .kirk-icon-badge {
  position: absolute;
  bottom: 12px;
  left: 12px;
}

<a
  className="kirk-item kirk-item--clickable kirk-item-choice custom-class-name sc-bdVaJa gRXcCx"
  disabled={false}
  href="#"
  onClick={[Function]}
  type="button"
>
  <div
    className="kirk-item-leftAddon"
  >
    <svg
      aria-hidden={true}
      className="kirk-icon c0"
      fill="#708C91"
      height={24}
      viewBox="0 0 24 24"
      width={24}
      xmlns="http://www.w3.org/2000/svg"
    >
      
      <g
        fill="none"
        stroke="#708C91"
        strokeLinecap="round"
        strokeLinejoin="round"
        strokeMiterlimit="10"
        strokeWidth="1"
      >
        <path
          d="M9.22618069 9.0429408l-.00028462-.00007396C7.82743395 8.67899715 6.7546224 8.5 5.57615516 8.5c-1.20731888 0-2.51302356.20463937-3.81321944.5429408-.74874646.19434829-1.26113536.83740338-1.26113536 1.5649162 0 .8614291 0 .8614291-.00005576 1.3996098-.04579034 3.0659186.80767638 5.4432745 2.56126466 7.1880948 1.77599725 1.7671173 3.62950633 2.8975921 5.56078302 3.4005323.45618092.1187979 1.04453239.2272721 1.76281212.3242675.054739.0073909.1051053-.0309924.1124962-.0857314A.1000144.1000144 0 0 0 10.5 22.8212476l9e-7-12.2143318c.0013584-.72163072-.51999668-1.36830888-1.27382021-1.563975z"
        />
        <path
          d="M22.2261807 9.0429408l-.0002846-.00007396C20.827434 8.67899715 19.7546224 8.5 18.5761552 8.5c-1.2073189 0-2.5130236.20463937-3.8132195.5429408-.7487464.19434829-1.2611353.83740338-1.2611353 1.5649162 0 .8614291 0 .8614291-.0000558 1.3996098-.0457903 3.0659186.8076764 5.4432745 2.5612647 7.1880948 1.7759972 1.7671173 3.6295063 2.8975921 5.560783 3.4005323.4561809.1187979 1.0445324.2272721 1.7628121.3242675.054739.0073909.1051053-.0309924.1124962-.0857314A.1000144.1000144 0 0 0 23.5 22.8212476l9e-7-12.2143318c.0013584-.72163072-.5199967-1.36830888-1.2738202-1.563975z"
          transform="matrix(-1 0 0 1 37.000004 0)"
        />
        <path
          d="M5.56759528 6.313482c-1.39916306 0-2.53379764-1.08153511-2.53379764-2.41521909v-.48304382C3.03379764 2.08153511 4.16843222 1 5.56759528 1c1.39916305 0 2.53379764 1.08153511 2.53379764 2.41521909v.48304382c0 1.33368398-1.13463459 2.41521909-2.53379764 2.41521909zM18.5337976 6.313482C17.1346346 6.313482 16 5.23194689 16 3.89826291v-.48304382C16 2.08153511 17.1346346 1 18.5337976 1c1.3991631 0 2.5337977 1.08153511 2.5337977 2.41521909v.48304382c0 1.33368398-1.1346346 2.41521909-2.5337977 2.41521909z"
        />
      </g>
    </svg>
  </div>
  <div
    className="kirk-item-leftText"
  >
    <div
      className="kirk-text kirk-text-title kirk-item-title c1"
      style={
        Object {
          "color": "#054752",
        }
      }
    >
      Title
    </div>
    <div
      className="kirk-text kirk-text-body kirk-item-body c1"
      style={
        Object {
          "color": "#708C91",
        }
      }
    >
      Title infos
    </div>
  </div>
  <div
    className="kirk-item-rightText"
  >
    <div
      className="kirk-text kirk-text-subheaderStrong kirk-item-title c1"
      style={
        Object {
          "color": "#054752",
        }
      }
    >
      Data
    </div>
    <div
      className="kirk-text kirk-text-body kirk-item-body c1"
      style={
        Object {
          "color": "#708C91",
        }
      }
    >
      Data infos
    </div>
  </div>
  <div
    className="kirk-item-rightAddon"
  >
    <svg
      aria-hidden={true}
      className="kirk-icon c0"
      fill="#708C91"
      height={24}
      viewBox="0 0 24 24"
      width={24}
      xmlns="http://www.w3.org/2000/svg"
    >
      
      <g
        fill="none"
        stroke="#708C91"
        strokeLinecap="round"
        strokeLinejoin="round"
        strokeMiterlimit="10"
        strokeWidth="1"
      >
        <path
          d="M9.22618069 9.0429408l-.00028462-.00007396C7.82743395 8.67899715 6.7546224 8.5 5.57615516 8.5c-1.20731888 0-2.51302356.20463937-3.81321944.5429408-.74874646.19434829-1.26113536.83740338-1.26113536 1.5649162 0 .8614291 0 .8614291-.00005576 1.3996098-.04579034 3.0659186.80767638 5.4432745 2.56126466 7.1880948 1.77599725 1.7671173 3.62950633 2.8975921 5.56078302 3.4005323.45618092.1187979 1.04453239.2272721 1.76281212.3242675.054739.0073909.1051053-.0309924.1124962-.0857314A.1000144.1000144 0 0 0 10.5 22.8212476l9e-7-12.2143318c.0013584-.72163072-.51999668-1.36830888-1.27382021-1.563975z"
        />
        <path
          d="M22.2261807 9.0429408l-.0002846-.00007396C20.827434 8.67899715 19.7546224 8.5 18.5761552 8.5c-1.2073189 0-2.5130236.20463937-3.8132195.5429408-.7487464.19434829-1.2611353.83740338-1.2611353 1.5649162 0 .8614291 0 .8614291-.0000558 1.3996098-.0457903 3.0659186.8076764 5.4432745 2.5612647 7.1880948 1.7759972 1.7671173 3.6295063 2.8975921 5.560783 3.4005323.4561809.1187979 1.0445324.2272721 1.7628121.3242675.054739.0073909.1051053-.0309924.1124962-.0857314A.1000144.1000144 0 0 0 23.5 22.8212476l9e-7-12.2143318c.0013584-.72163072-.5199967-1.36830888-1.2738202-1.563975z"
          transform="matrix(-1 0 0 1 37.000004 0)"
        />
        <path
          d="M5.56759528 6.313482c-1.39916306 0-2.53379764-1.08153511-2.53379764-2.41521909v-.48304382C3.03379764 2.08153511 4.16843222 1 5.56759528 1c1.39916305 0 2.53379764 1.08153511 2.53379764 2.41521909v.48304382c0 1.33368398-1.13463459 2.41521909-2.53379764 2.41521909zM18.5337976 6.313482C17.1346346 6.313482 16 5.23194689 16 3.89826291v-.48304382C16 2.08153511 17.1346346 1 18.5337976 1c1.3991631 0 2.5337977 1.08153511 2.5337977 2.41521909v.48304382c0 1.33368398-1.1346346 2.41521909-2.5337977 2.41521909z"
        />
      </g>
    </svg>
  </div>
  <div
    className="kirk-item-rightAddon"
  >
    <svg
      aria-hidden={true}
      className="kirk-icon c0"
      fill="#708C91"
      height={24}
      viewBox="0 0 24 24"
      width={24}
      xmlns="http://www.w3.org/2000/svg"
    >
      
      <polyline
        fill="none"
        points="9 18 15 12 9 6"
        stroke="#708C91"
        strokeLinecap="round"
        strokeLinejoin="round"
        strokeMiterlimit="10"
        strokeWidth="2"
      />
    </svg>
  </div>
</a>
`;

exports[`ItemChoice Should support a disabled state 1`] = `
.c1 {
  margin: 0;
  font-weight: 400;
}

.c1.kirk-text-button {
  color: #054752;
  font-size: 16px;
  line-height: 20px;
}

.c1.kirk-text-body,
.c1.kirk-text-bodyStrong {
  color: #708C91;
  font-size: 16px;
  line-height: 20px;
}

.c1.kirk-text-caption {
  color: #708C91;
  font-size: 13px;
  line-height: 16px;
}

.c1.kirk-text-title,
.c1.kirk-text-titleStrong {
  color: #054752;
  font-size: 18px;
  line-height: 20px;
}

.c1.kirk-text-display1 {
  color: #054752;
  font-size: 82px;
  line-height: 82px;
}

.c1.kirk-text-display2 {
  color: #054752;
  font-size: 30px;
  line-height: 1.06;
}

.c1.kirk-text-subheader,
.c1.kirk-text-subheaderStrong {
  color: #054752;
  font-size: 22px;
  line-height: 24px;
}

.c1.kirk-text-title,
.c1.kirk-text-titleStrong {
  color: #054752;
  font-size: 18px;
  line-height: 20px;
}

.c1.kirk-text-bodyStrong,
.c1.kirk-text-subheaderStrong,
.c1.kirk-text-titleStrong {
  font-weight: 500;
}

.c0 {
  display: inline-block;
  position: relative;
}

.c0 .kirk-icon-badge {
  position: absolute;
  bottom: 12px;
  left: 12px;
}

<button
  className="kirk-item kirk-item-choice custom-class-name sc-bdVaJa gRXcCx"
  disabled={true}
  onBlur={null}
  onClick={null}
  onFocus={null}
  onMouseDown={null}
  type="button"
>
  <div
    className="kirk-item-leftAddon"
  >
    <svg
      aria-hidden={true}
      className="kirk-icon c0"
      fill="#708C91"
      height={24}
      viewBox="0 0 24 24"
      width={24}
      xmlns="http://www.w3.org/2000/svg"
    >
      
      <g
        fill="none"
        stroke="#708C91"
        strokeLinecap="round"
        strokeLinejoin="round"
        strokeMiterlimit="10"
        strokeWidth="1"
      >
        <path
          d="M9.22618069 9.0429408l-.00028462-.00007396C7.82743395 8.67899715 6.7546224 8.5 5.57615516 8.5c-1.20731888 0-2.51302356.20463937-3.81321944.5429408-.74874646.19434829-1.26113536.83740338-1.26113536 1.5649162 0 .8614291 0 .8614291-.00005576 1.3996098-.04579034 3.0659186.80767638 5.4432745 2.56126466 7.1880948 1.77599725 1.7671173 3.62950633 2.8975921 5.56078302 3.4005323.45618092.1187979 1.04453239.2272721 1.76281212.3242675.054739.0073909.1051053-.0309924.1124962-.0857314A.1000144.1000144 0 0 0 10.5 22.8212476l9e-7-12.2143318c.0013584-.72163072-.51999668-1.36830888-1.27382021-1.563975z"
        />
        <path
          d="M22.2261807 9.0429408l-.0002846-.00007396C20.827434 8.67899715 19.7546224 8.5 18.5761552 8.5c-1.2073189 0-2.5130236.20463937-3.8132195.5429408-.7487464.19434829-1.2611353.83740338-1.2611353 1.5649162 0 .8614291 0 .8614291-.0000558 1.3996098-.0457903 3.0659186.8076764 5.4432745 2.5612647 7.1880948 1.7759972 1.7671173 3.6295063 2.8975921 5.560783 3.4005323.4561809.1187979 1.0445324.2272721 1.7628121.3242675.054739.0073909.1051053-.0309924.1124962-.0857314A.1000144.1000144 0 0 0 23.5 22.8212476l9e-7-12.2143318c.0013584-.72163072-.5199967-1.36830888-1.2738202-1.563975z"
          transform="matrix(-1 0 0 1 37.000004 0)"
        />
        <path
          d="M5.56759528 6.313482c-1.39916306 0-2.53379764-1.08153511-2.53379764-2.41521909v-.48304382C3.03379764 2.08153511 4.16843222 1 5.56759528 1c1.39916305 0 2.53379764 1.08153511 2.53379764 2.41521909v.48304382c0 1.33368398-1.13463459 2.41521909-2.53379764 2.41521909zM18.5337976 6.313482C17.1346346 6.313482 16 5.23194689 16 3.89826291v-.48304382C16 2.08153511 17.1346346 1 18.5337976 1c1.3991631 0 2.5337977 1.08153511 2.5337977 2.41521909v.48304382c0 1.33368398-1.1346346 2.41521909-2.5337977 2.41521909z"
        />
      </g>
    </svg>
  </div>
  <div
    className="kirk-item-leftText"
  >
    <div
      className="kirk-text kirk-text-title kirk-item-title c1"
      style={
        Object {
          "color": "#DDD",
        }
      }
    >
      Title
    </div>
    <div
      className="kirk-text kirk-text-body kirk-item-body c1"
      style={
        Object {
          "color": "#DDD",
        }
      }
    >
      Title infos
    </div>
  </div>
  <div
    className="kirk-item-rightText"
  >
    <div
      className="kirk-text kirk-text-subheaderStrong kirk-item-title c1"
      style={
        Object {
          "color": "#DDD",
        }
      }
    >
      Data
    </div>
    <div
      className="kirk-text kirk-text-body kirk-item-body c1"
      style={
        Object {
          "color": "#DDD",
        }
      }
    >
      Data infos
    </div>
  </div>
  <div
    className="kirk-item-rightAddon"
  >
    <svg
      aria-hidden={true}
      className="kirk-icon c0"
      fill="#708C91"
      height={24}
      viewBox="0 0 24 24"
      width={24}
      xmlns="http://www.w3.org/2000/svg"
    >
      
      <g
        fill="none"
        stroke="#708C91"
        strokeLinecap="round"
        strokeLinejoin="round"
        strokeMiterlimit="10"
        strokeWidth="1"
      >
        <path
          d="M9.22618069 9.0429408l-.00028462-.00007396C7.82743395 8.67899715 6.7546224 8.5 5.57615516 8.5c-1.20731888 0-2.51302356.20463937-3.81321944.5429408-.74874646.19434829-1.26113536.83740338-1.26113536 1.5649162 0 .8614291 0 .8614291-.00005576 1.3996098-.04579034 3.0659186.80767638 5.4432745 2.56126466 7.1880948 1.77599725 1.7671173 3.62950633 2.8975921 5.56078302 3.4005323.45618092.1187979 1.04453239.2272721 1.76281212.3242675.054739.0073909.1051053-.0309924.1124962-.0857314A.1000144.1000144 0 0 0 10.5 22.8212476l9e-7-12.2143318c.0013584-.72163072-.51999668-1.36830888-1.27382021-1.563975z"
        />
        <path
          d="M22.2261807 9.0429408l-.0002846-.00007396C20.827434 8.67899715 19.7546224 8.5 18.5761552 8.5c-1.2073189 0-2.5130236.20463937-3.8132195.5429408-.7487464.19434829-1.2611353.83740338-1.2611353 1.5649162 0 .8614291 0 .8614291-.0000558 1.3996098-.0457903 3.0659186.8076764 5.4432745 2.5612647 7.1880948 1.7759972 1.7671173 3.6295063 2.8975921 5.560783 3.4005323.4561809.1187979 1.0445324.2272721 1.7628121.3242675.054739.0073909.1051053-.0309924.1124962-.0857314A.1000144.1000144 0 0 0 23.5 22.8212476l9e-7-12.2143318c.0013584-.72163072-.5199967-1.36830888-1.2738202-1.563975z"
          transform="matrix(-1 0 0 1 37.000004 0)"
        />
        <path
          d="M5.56759528 6.313482c-1.39916306 0-2.53379764-1.08153511-2.53379764-2.41521909v-.48304382C3.03379764 2.08153511 4.16843222 1 5.56759528 1c1.39916305 0 2.53379764 1.08153511 2.53379764 2.41521909v.48304382c0 1.33368398-1.13463459 2.41521909-2.53379764 2.41521909zM18.5337976 6.313482C17.1346346 6.313482 16 5.23194689 16 3.89826291v-.48304382C16 2.08153511 17.1346346 1 18.5337976 1c1.3991631 0 2.5337977 1.08153511 2.5337977 2.41521909v.48304382c0 1.33368398-1.1346346 2.41521909-2.5337977 2.41521909z"
        />
      </g>
    </svg>
  </div>
  <div
    className="kirk-item-rightAddon"
  >
    <svg
      aria-hidden={true}
      className="kirk-icon c0"
      fill="#DDD"
      height={24}
      viewBox="0 0 24 24"
      width={24}
      xmlns="http://www.w3.org/2000/svg"
    >
      
      <polyline
        fill="none"
        points="9 18 15 12 9 6"
        stroke="#DDD"
        strokeLinecap="round"
        strokeLinejoin="round"
        strokeMiterlimit="10"
        strokeWidth="2"
      />
    </svg>
  </div>
</button>
`;

exports[`ItemChoice Should use a button tag if no href is given 1`] = `
.c1 {
  margin: 0;
  font-weight: 400;
}

.c1.kirk-text-button {
  color: #054752;
  font-size: 16px;
  line-height: 20px;
}

.c1.kirk-text-body,
.c1.kirk-text-bodyStrong {
  color: #708C91;
  font-size: 16px;
  line-height: 20px;
}

.c1.kirk-text-caption {
  color: #708C91;
  font-size: 13px;
  line-height: 16px;
}

.c1.kirk-text-title,
.c1.kirk-text-titleStrong {
  color: #054752;
  font-size: 18px;
  line-height: 20px;
}

.c1.kirk-text-display1 {
  color: #054752;
  font-size: 82px;
  line-height: 82px;
}

.c1.kirk-text-display2 {
  color: #054752;
  font-size: 30px;
  line-height: 1.06;
}

.c1.kirk-text-subheader,
.c1.kirk-text-subheaderStrong {
  color: #054752;
  font-size: 22px;
  line-height: 24px;
}

.c1.kirk-text-title,
.c1.kirk-text-titleStrong {
  color: #054752;
  font-size: 18px;
  line-height: 20px;
}

.c1.kirk-text-bodyStrong,
.c1.kirk-text-subheaderStrong,
.c1.kirk-text-titleStrong {
  font-weight: 500;
}

.c0 {
  display: inline-block;
  position: relative;
}

.c0 .kirk-icon-badge {
  position: absolute;
  bottom: 12px;
  left: 12px;
}

<button
  className="kirk-item kirk-item--clickable kirk-item-choice custom-class-name sc-bdVaJa gRXcCx"
  disabled={false}
  onClick={[Function]}
  type="button"
>
  <div
    className="kirk-item-leftAddon"
  >
    <svg
      aria-hidden={true}
      className="kirk-icon c0"
      fill="#708C91"
      height={24}
      viewBox="0 0 24 24"
      width={24}
      xmlns="http://www.w3.org/2000/svg"
    >
      
      <g
        fill="none"
        stroke="#708C91"
        strokeLinecap="round"
        strokeLinejoin="round"
        strokeMiterlimit="10"
        strokeWidth="1"
      >
        <path
          d="M9.22618069 9.0429408l-.00028462-.00007396C7.82743395 8.67899715 6.7546224 8.5 5.57615516 8.5c-1.20731888 0-2.51302356.20463937-3.81321944.5429408-.74874646.19434829-1.26113536.83740338-1.26113536 1.5649162 0 .8614291 0 .8614291-.00005576 1.3996098-.04579034 3.0659186.80767638 5.4432745 2.56126466 7.1880948 1.77599725 1.7671173 3.62950633 2.8975921 5.56078302 3.4005323.45618092.1187979 1.04453239.2272721 1.76281212.3242675.054739.0073909.1051053-.0309924.1124962-.0857314A.1000144.1000144 0 0 0 10.5 22.8212476l9e-7-12.2143318c.0013584-.72163072-.51999668-1.36830888-1.27382021-1.563975z"
        />
        <path
          d="M22.2261807 9.0429408l-.0002846-.00007396C20.827434 8.67899715 19.7546224 8.5 18.5761552 8.5c-1.2073189 0-2.5130236.20463937-3.8132195.5429408-.7487464.19434829-1.2611353.83740338-1.2611353 1.5649162 0 .8614291 0 .8614291-.0000558 1.3996098-.0457903 3.0659186.8076764 5.4432745 2.5612647 7.1880948 1.7759972 1.7671173 3.6295063 2.8975921 5.560783 3.4005323.4561809.1187979 1.0445324.2272721 1.7628121.3242675.054739.0073909.1051053-.0309924.1124962-.0857314A.1000144.1000144 0 0 0 23.5 22.8212476l9e-7-12.2143318c.0013584-.72163072-.5199967-1.36830888-1.2738202-1.563975z"
          transform="matrix(-1 0 0 1 37.000004 0)"
        />
        <path
          d="M5.56759528 6.313482c-1.39916306 0-2.53379764-1.08153511-2.53379764-2.41521909v-.48304382C3.03379764 2.08153511 4.16843222 1 5.56759528 1c1.39916305 0 2.53379764 1.08153511 2.53379764 2.41521909v.48304382c0 1.33368398-1.13463459 2.41521909-2.53379764 2.41521909zM18.5337976 6.313482C17.1346346 6.313482 16 5.23194689 16 3.89826291v-.48304382C16 2.08153511 17.1346346 1 18.5337976 1c1.3991631 0 2.5337977 1.08153511 2.5337977 2.41521909v.48304382c0 1.33368398-1.1346346 2.41521909-2.5337977 2.41521909z"
        />
      </g>
    </svg>
  </div>
  <div
    className="kirk-item-leftText"
  >
    <div
      className="kirk-text kirk-text-title kirk-item-title c1"
      style={
        Object {
          "color": "#054752",
        }
      }
    >
      Title
    </div>
    <div
      className="kirk-text kirk-text-body kirk-item-body c1"
      style={
        Object {
          "color": "#708C91",
        }
      }
    >
      Title infos
    </div>
  </div>
  <div
    className="kirk-item-rightText"
  >
    <div
      className="kirk-text kirk-text-subheaderStrong kirk-item-title c1"
      style={
        Object {
          "color": "#054752",
        }
      }
    >
      Data
    </div>
    <div
      className="kirk-text kirk-text-body kirk-item-body c1"
      style={
        Object {
          "color": "#708C91",
        }
      }
    >
      Data infos
    </div>
  </div>
  <div
    className="kirk-item-rightAddon"
  >
    <svg
      aria-hidden={true}
      className="kirk-icon c0"
      fill="#708C91"
      height={24}
      viewBox="0 0 24 24"
      width={24}
      xmlns="http://www.w3.org/2000/svg"
    >
      
      <g
        fill="none"
        stroke="#708C91"
        strokeLinecap="round"
        strokeLinejoin="round"
        strokeMiterlimit="10"
        strokeWidth="1"
      >
        <path
          d="M9.22618069 9.0429408l-.00028462-.00007396C7.82743395 8.67899715 6.7546224 8.5 5.57615516 8.5c-1.20731888 0-2.51302356.20463937-3.81321944.5429408-.74874646.19434829-1.26113536.83740338-1.26113536 1.5649162 0 .8614291 0 .8614291-.00005576 1.3996098-.04579034 3.0659186.80767638 5.4432745 2.56126466 7.1880948 1.77599725 1.7671173 3.62950633 2.8975921 5.56078302 3.4005323.45618092.1187979 1.04453239.2272721 1.76281212.3242675.054739.0073909.1051053-.0309924.1124962-.0857314A.1000144.1000144 0 0 0 10.5 22.8212476l9e-7-12.2143318c.0013584-.72163072-.51999668-1.36830888-1.27382021-1.563975z"
        />
        <path
          d="M22.2261807 9.0429408l-.0002846-.00007396C20.827434 8.67899715 19.7546224 8.5 18.5761552 8.5c-1.2073189 0-2.5130236.20463937-3.8132195.5429408-.7487464.19434829-1.2611353.83740338-1.2611353 1.5649162 0 .8614291 0 .8614291-.0000558 1.3996098-.0457903 3.0659186.8076764 5.4432745 2.5612647 7.1880948 1.7759972 1.7671173 3.6295063 2.8975921 5.560783 3.4005323.4561809.1187979 1.0445324.2272721 1.7628121.3242675.054739.0073909.1051053-.0309924.1124962-.0857314A.1000144.1000144 0 0 0 23.5 22.8212476l9e-7-12.2143318c.0013584-.72163072-.5199967-1.36830888-1.2738202-1.563975z"
          transform="matrix(-1 0 0 1 37.000004 0)"
        />
        <path
          d="M5.56759528 6.313482c-1.39916306 0-2.53379764-1.08153511-2.53379764-2.41521909v-.48304382C3.03379764 2.08153511 4.16843222 1 5.56759528 1c1.39916305 0 2.53379764 1.08153511 2.53379764 2.41521909v.48304382c0 1.33368398-1.13463459 2.41521909-2.53379764 2.41521909zM18.5337976 6.313482C17.1346346 6.313482 16 5.23194689 16 3.89826291v-.48304382C16 2.08153511 17.1346346 1 18.5337976 1c1.3991631 0 2.5337977 1.08153511 2.5337977 2.41521909v.48304382c0 1.33368398-1.1346346 2.41521909-2.5337977 2.41521909z"
        />
      </g>
    </svg>
  </div>
  <div
    className="kirk-item-rightAddon"
  >
    <svg
      aria-hidden={true}
      className="kirk-icon c0"
      fill="#708C91"
      height={24}
      viewBox="0 0 24 24"
      width={24}
      xmlns="http://www.w3.org/2000/svg"
    >
      
      <polyline
        fill="none"
        points="9 18 15 12 9 6"
        stroke="#708C91"
        strokeLinecap="round"
        strokeLinejoin="round"
        strokeMiterlimit="10"
        strokeWidth="2"
      />
    </svg>
  </div>
</button>
`;
