// Jest Snapshot v1, https://goo.gl/fbAQLP

exports[`IllustratedSection should render default MediaContentSection section 1`] = `
.c1 .section-content {
  padding-left: 24px;
  padding-right: 24px;
}

.c0 .section-content {
  display: -webkit-box;
  display: -webkit-flex;
  display: -ms-flexbox;
  display: flex;
  -webkit-flex-direction: column;
  -ms-flex-direction: column;
  flex-direction: column;
}

.c0 .kirk-illustratedSection-illustration {
  margin-left: -24px;
  margin-right: -24px;
  text-align: center;
}

.c0 .kirk-illustratedSection-illustration img {
  max-width: 100%;
}

@media (min-width:800px) {
  .c1 .section-content {
    margin-left: auto;
    margin-right: auto;
    max-width: 662px;
  }

  .c1 .section-content.section-content--large {
    max-width: 1016px;
  }
}

@media (min-width:800px) {
  .c0 .section-content {
    -webkit-flex-direction: row;
    -ms-flex-direction: row;
    flex-direction: row;
  }

  .c0 .kirk-illustratedSection-illustration {
    margin-left: 0;
    margin-right: 0;
    width: 33.33%;
  }

  .c0 .kirk-illustratedSection-content {
    margin-left: 24px;
    width: 66.66%;
  }
}

<div
  className="c0 c1"
  role="presentation"
>
  <article
    className="section-content section-content--large"
  >
    <div
      className="kirk-illustratedSection-illustration"
    >
      <img
        alt=""
        src="http://blablacar.com/pic.jpg"
      />
    </div>
    <div
      className="kirk-illustratedSection-content"
    >
      Hello World
    </div>
  </article>
</div>
`;
