// Jest Snapshot v1, https://goo.gl/fbAQLP

exports[`Modal should not have changed 1`] = `
<div
  className="kirk-modal-dimmer kirk-modal-dimmer--visible kirk-modal-dimmer--active"
>
  <div
    className="transition-wrapper"
  >
    <div
      aria-modal="true"
      className="jsx-3774917761 kirk-modal kirk-modal--medium kirk-modal--hasCloseButton slide-up slide-up-entered"
      role="dialog"
    >
      <div
        className="jsx-3774917761 kirk-modal-dialog"
      >
        <button
          className="kirk-button kirk-button-primary kirk-button-bubble kirk-modal-closeButton"
          disabled={false}
          onBlur={[Function]}
          onClick={[Function]}
          onFocus={[Function]}
          onMouseDown={[Function]}
          onMouseUp={[Function]}
          onTouchEnd={[Function]}
          onTouchStart={[Function]}
          type="button"
        >
          <svg
            aria-hidden={true}
            className="kirk-icon"
            height="18"
            viewBox="0 0 24 24"
            width="18"
            xmlns="http://www.w3.org/2000/svg"
          >
            
            <path
              d="M19 5L5 19M19 19L5 5"
              fill="none"
              stroke="#00AFF5"
              strokeLinecap="round"
              strokeLinejoin="round"
              strokeMiterlimit="10"
              strokeWidth="2"
            />
          </svg>
        </button>
        <div
          className="jsx-3774917761 kirk-modal-body"
        />
      </div>
    </div>
  </div>
</div>
`;
