// Jest Snapshot v1, https://goo.gl/fbAQLP

exports[`Modal should not have changed 1`] = `
.c1 {
  display: inline-block;
  position: relative;
}

.c1 .kirk-icon-badge {
  position: absolute;
  bottom: 12px;
  left: 12px;
}

.c0 {
  position: fixed;
  top: 0;
  right: 0;
  width: 100%;
  height: 100%;
  overflow-y: auto;
}

.c0 .kirk-modal-dialog {
  position: relative;
  display: -webkit-box;
  display: -webkit-flex;
  display: -ms-flexbox;
  display: flex;
  padding: 24px;
  margin: 24px auto;
  width: 662px;
  background-color: #FFF;
  border-radius: 8px;
}

.c0.kirk-modal--small .kirk-modal-dialog {
  width: 400px;
}

.c0.kirk-modal--large .kirk-modal-dialog {
  width: 928px;
}

.c0 .kirk-modal-body {
  -webkit-flex: 1;
  -ms-flex: 1;
  flex: 1;
}

.c0.kirk-modal--hasCloseButton .kirk-modal-dialog {
  padding-top: 70px;
}

.c0.kirk-modal--hasCloseButton .kirk-modal-closeButton {
  position: absolute;
  top: 8px;
  left: 8px;
  background-color: transparent;
}

<div
  className="kirk-modal-dimmer kirk-modal-dimmer--visible kirk-modal-dimmer--active"
>
  <div
    className="transition-wrapper"
  >
    <div
      aria-modal="true"
      className="kirk-modal kirk-modal--medium kirk-modal--hasCloseButton c0 slide-up slide-up-entered"
      role="dialog"
    >
      <div
        className="kirk-modal-dialog"
      >
        <button
          className="kirk-button kirk-button-primary kirk-button-bubble kirk-modal-closeButton"
          disabled={false}
          onBlur={[Function]}
          onClick={[Function]}
          onFocus={[Function]}
          onMouseDown={[Function]}
          onMouseUp={[Function]}
          onTouchEnd={[Function]}
          onTouchStart={[Function]}
          type="button"
        >
          <svg
            aria-hidden={true}
            className="kirk-icon c1"
            fill="#00AFF5"
            height="18"
            viewBox="0 0 24 24"
            width="18"
            xmlns="http://www.w3.org/2000/svg"
          >
            
            <path
              d="M19 5L5 19M19 19L5 5"
              fill="none"
              stroke="#00AFF5"
              strokeLinecap="round"
              strokeLinejoin="round"
              strokeMiterlimit="10"
              strokeWidth="2"
            />
          </svg>
        </button>
        <div
          className="kirk-modal-body"
        />
      </div>
    </div>
  </div>
</div>
`;
