// Jest Snapshot v1, https://goo.gl/fbAQLP

exports[`Snackbar should not have changed 1`] = `
<div
  className="transition-wrapper kirk-snackbar-container"
>
  <div
    className="jsx-2822186252 kirk-snackbar slide-up slide-up-entered"
  >
    <span
      className="kirk-text kirk-text-title kirk-snackbar-content"
      role="alert"
    >
      Oups
    </span>
    <button
      className="kirk-button kirk-button-unstyled kirk-snackbar-cross"
      disabled={false}
      onBlur={[Function]}
      onClick={[Function]}
      onFocus={[Function]}
      onMouseDown={[Function]}
      onMouseUp={[Function]}
      onTouchEnd={[Function]}
      onTouchStart={[Function]}
      type="button"
    >
      <svg
        aria-hidden={true}
        className="kirk-icon"
        height="18px"
        viewBox="0 0 24 24"
        width="18px"
        xmlns="http://www.w3.org/2000/svg"
      >
        
        <path
          d="M19 5L5 19M19 19L5 5"
          fill="none"
          stroke="#FFF"
          strokeLinecap="round"
          strokeLinejoin="round"
          strokeMiterlimit="10"
          strokeWidth="2"
        />
      </svg>
    </button>
  </div>
</div>
`;
